[backblue.gif]
[fade.gif]
[index.html]
[localhost/Sito/wp-includes/js/jquery/jquery.minf43b.js]
[localhost/Sito/wp-includes/js/jquery/jquery-migrate.min5589.js]
[localhost/Sito/xmlrpc0db0.php]
[localhost/Sito/wp-content/uploads/2024/05/fafaa-removebg-preview-1-220x59.png]
[localhost/Sito/wp-content/uploads/2024/05/1709123704598-300x300.jpg]
[localhost/Sito/wp-content/uploads/2024/05/pexels-sora-shimazaki-5669619-1-scaled.jpg]
[localhost/Sito/wp-content/uploads/2021/03/01.png]
[localhost/Sito/wp-content/uploads/2021/03/02.png]
[localhost/Sito/wp-content/uploads/2021/03/03.png]
[localhost/Sito/wp-content/uploads/2021/08/testimonial-03.png]
[localhost/Sito/wp-content/uploads/2021/08/testimonial-02.png]
[localhost/Sito/wp-content/uploads/2021/08/testimonial-01.png]
[localhost/Sito/wp-content/themes/astra/assets/js/minified/frontend.min33c5.js]
[localhost/Sito/wp-includes/js/dist/vendor/wp-polyfill-inert.min0226.js]
[localhost/Sito/wp-includes/js/dist/vendor/regenerator-runtime.min6c85.js]
[localhost/Sito/wp-includes/js/dist/vendor/wp-polyfill.min2c7c.js]
[localhost/Sito/wp-includes/js/dist/dom-ready.min5346.js]
[localhost/Sito/wp-content/plugins/astra-sites/inc/lib/onboarding/assets/dist/template-preview/maina11c.js]
[localhost/Sito/wp-content/plugins/ultimate-addons-for-gutenberg/assets/js/spectra-block-positioning.min42a3.js]
[localhost/Sito/wp-content/plugins/ultimate-addons-for-gutenberg/assets/js/uagb-button-child.min42a3.js]
[localhost/Sito/wp-content/plugins/ultimate-addons-for-gutenberg/assets/js/testimonial.min42a3.js]
[localhost/Sito/wp-content/plugins/ultimate-addons-for-gutenberg/assets/js/imagesloaded.min42a3.js]
[localhost/Sito/wp-content/plugins/ultimate-addons-for-gutenberg/assets/js/slick.min42a3.js]
[localhost/Sito/wp-content/uploads/uag-plugin/assets/1000/uag-js-833e2fb.js]
[localhost/Sito/index.html]
[localhost/Sito/feed/index.html]
[localhost/Sito/comments/feed/index.html]
[localhost/Sito/wp-content/themes/astra/assets/css/minified/main.min33c5.css]
[localhost/Sito/wp-includes/css/dist/block-library/style.minef10.css]
[localhost/Sito/wp-content/plugins/ultimate-addons-for-gutenberg/assets/css/spectra-block-positioning.min42a3.css]
[localhost/Sito/wp-content/plugins/ultimate-addons-for-gutenberg/assets/css/slick.min42a3.css]
[localhost/Sito/wp-content/uploads/2024/05/1709123704598.jpg]
[localhost/Sito/wp-content/uploads/uag-plugin/assets/1000/uag-css-833e2fb.css]
[localhost/Sito/wp-json/index.html]
[localhost/Sito/wp-json/wp/v2/pages/833.html]
[localhost/Sito/wp-json/oembed/1.0/embed992f.html]
[localhost/Sito/wp-json/oembed/1.0/embed1b82.html]
